---
source: devicetree/tests/blob/main.rs
expression: structures
---
[
    Ok(
        BeginNode(
            "",
        ),
    ),
    Ok(
        BeginNode(
            "foo",
        ),
    ),
    Ok(
        Property {
            name: "bar",
            value: <62617a00> "baz",
        },
    ),
    Ok(
        Property {
            name: "quux",
            value: <00000042>,
        },
    ),
    Ok(
        EndNode,
    ),
    Ok(
        BeginNode(
            "blorg",
        ),
    ),
    Ok(
        Property {
            name: "flarf",
            value: <6e6f7262 6c6500> "norble",
        },
    ),
    Ok(
        EndNode,
    ),
    Ok(
        EndNode,
    ),
]
